Registers:
X00    = 0000000000000000
X01    = 0000000000000000
X02    = 0000000000000000
X03    = 0000000000000000
X04    = 0000000000000000
X05    = 0000000000000000
X06    = 0000000000000000
X07    = 0000000000000000
X08    = 0000000000000000
X09    = 000000000038d000
X10    = 0000000000000000
X11    = 0000000000000000
X12    = 0000000000000000
X13    = 0000000000000000
X14    = 0000000000000000
X15    = 0000000000000000
X16    = 0000000000000000
X17    = 0000000000000000
X18    = 0000000000000000
X19    = 0000000000000000
X20    = 0000000000000000
X21    = 0000000000000000
X22    = 0000000000000000
X23    = 0000000000000000
X24    = 0000000000000000
X25    = 0000000000000000
X26    = 0000000000000000
X27    = 0000000000000000
X28    = 0000000000d26000
X29    = 0000000000000000
X30    = 0000000000000000
PC     = 0000000000000018
PSTATE : --C-
Non-Zero Memory:
0x00000000 : 6b00001f
0x00000004 : 114e3409
0x00000008 : 6b00013f
0x0000000c : 5400004a
0x00000010 : 1154279c
0x00000014 : 11749b9c
0x00000018 : 8a000000
