Registers:
X00    = 0000000000000000
X01    = 0000000000000000
X02    = ff56d652690a8bf2
X03    = 0000000000000000
X04    = 0000000000000000
X05    = 0000000000000000
X06    = 0000000000000000
X07    = 0000000000000000
X08    = 0000000000000000
X09    = 0000000000000000
X10    = 0000000000000000
X11    = 00000000fffff64c
X12    = 0000000000000000
X13    = 0000000000000000
X14    = 0000000000000000
X15    = 0000000000000000
X16    = 0000000000000bf2
X17    = 0000000000000000
X18    = 0000000000000000
X19    = 0000000000000000
X20    = 0000000000000000
X21    = 0000000000000000
X22    = 0000000000000000
X23    = 0000000000000000
X24    = 0000000000000000
X25    = 0000000000000000
X26    = 0000000000000000
X27    = 0000000000000000
X28    = 0000000000000000
X29    = 00000000ff56e000
X30    = 0000000000000000
PC     = 0000000000000010
PSTATE : -Z--
Non-Zero Memory:
0x00000000 : 5126d16b
0x00000004 : 516a4bbd
0x00000008 : 112fca10
0x0000000c : 9b1d4162
0x00000010 : 8a000000
