Registers:
X00    = 0000000000000000
X01    = 0000000000000000
X02    = 0000000000000000
X03    = 0000000000000000
X04    = 0000000000000000
X05    = 0000000000000000
X06    = 0000000000000000
X07    = 000000000000088e
X08    = 0000000000000000
X09    = 0000000000000000
X10    = 0000000000000000
X11    = 0000000000000000
X12    = 0000000000000000
X13    = 0000000000000000
X14    = 0000000000000000
X15    = 0000000000000000
X16    = 0000000000000000
X17    = 0000000000000000
X18    = 000000008aa2a000
X19    = 0000000000000000
X20    = 0000000000000000
X21    = 0000000000000000
X22    = 0000000000000000
X23    = 0000000000000000
X24    = 0000000000000000
X25    = 0000000000000000
X26    = 00000000ff988000
X27    = 0000000000000000
X28    = 0000000000000000
X29    = 00000000000ba000
X30    = 0000000000000000
PC     = 0000000000000010
PSTATE : -Z--
Non-Zero Memory:
0x00000000 : 5159e35a
0x00000004 : 112238e7
0x00000008 : 9142ebbd
0x0000000c : 1b077752
0x00000010 : 8a000000
