Registers:
X00    = 0000000000000000
X01    = 0000000000000000
X02    = 0000000000000000
X03    = 0000000000000000
X04    = 0000000000000000
X05    = 000000006554c000
X06    = 0000000000000000
X07    = 0000000000000000
X08    = 0000000000000000
X09    = 0000000000000000
X10    = 0000000000000000
X11    = 0000000000000000
X12    = 0000000000000000
X13    = 0000000000000000
X14    = 0000000000000000
X15    = 0000000000000000
X16    = 0000000000000000
X17    = 0000000000000000
X18    = 00000000ff6b6000
X19    = 0000000000000000
X20    = 0000000000000000
X21    = 0000000000fd7000
X22    = 0000000000000000
X23    = 0000000000000000
X24    = 0000000000000000
X25    = fffffffffffffb5a
X26    = 0000000000000000
X27    = 0000000000000000
X28    = 0000000000000000
X29    = 0000000000000000
X30    = 0000000000000000
PC     = 0000000000000010
PSTATE : -Z--
Non-Zero Memory:
0x00000000 : 917f5eb5
0x00000004 : d1129b39
0x00000008 : 51652a52
0x0000000c : 1b194aa5
0x00000010 : 8a000000
