Registers:
X00    = 000000008a000000
X01    = 0000000000000000
X02    = 0000000000000000
X03    = 0000000000000000
X04    = 0000000000000000
X05    = 0000000000000000
X06    = 0000000000000000
X07    = 0000000000000000
X08    = 0000000000000000
X09    = 0000000000000000
X10    = 0000000000000000
X11    = 0000000000000000
X12    = 0000000000000000
X13    = 0000000000000000
X14    = 0000000000000000
X15    = 0000000000000000
X16    = 0000000000000000
X17    = 0000000000000000
X18    = 0000000000000000
X19    = 0000000000000000
X20    = 0000000000000000
X21    = 0000000000000000
X22    = 0000000000000000
X23    = 0000000000000000
X24    = 0000000000000000
X25    = 0000000000000000
X26    = 0000000000000000
X27    = 0000000000000000
X28    = 00000000000ba681
X29    = 0000000000000000
X30    = 0000000000000000
PC     = 00000000000ba681
PSTATE : -Z--
Non-Zero Memory:
0x00000000 : d294d03c
0x00000004 : f2a0017c
0x00000008 : 52800000
0x0000000c : 72b14000
0x00000010 : b8000780
0x00000014 : d61f0380
0x00000018 : 8a000000
0x000ba684 : 0000008a
