Registers:
X00    = 0000000000000000
X01    = 0000000000000000
X02    = 0000000000000000
X03    = 0000000000000000
X04    = 0000000000000000
X05    = 0000000000000000
X06    = 0000000000000000
X07    = 0000000000000000
X08    = 0000000000000000
X09    = 0000000000000000
X10    = 00000000000be520
X11    = 0000000000000000
X12    = 0000000000000000
X13    = 0000000000000000
X14    = 0000000000000000
X15    = 0000000000000000
X16    = 0000000000000000
X17    = 0000000000000000
X18    = 0000000000000000
X19    = 0000000000000000
X20    = 0000000000000000
X21    = 0000000000000000
X22    = 0000000000000000
X23    = 0000000000000000
X24    = 0000000000000000
X25    = 0000000000000000
X26    = 0000000000000000
X27    = 000000008a000000
X28    = 0000000000000000
X29    = 0000000000000000
X30    = 0000000000000000
PC     = 00000000000be520
PSTATE : -Z--
Non-Zero Memory:
0x00000000 : d29ca40a
0x00000004 : f2a0016a
0x00000008 : d280001b
0x0000000c : f2b1401b
0x00000010 : f800055b
0x00000014 : d61f0140
0x00000018 : 8a000000
0x000be520 : 8a000000
