Registers:
X00    = 0000000000000000
X01    = 0000000000000000
X02    = 00000000000c6653
X03    = 0000000000000000
X04    = 0000000000000000
X05    = 0000000000000000
X06    = 0000000000000000
X07    = 0000000000000000
X08    = 0000000000000000
X09    = 0000000000000000
X10    = 0000000000000000
X11    = 0000000000000000
X12    = 0000000000000000
X13    = 0000000000000000
X14    = 0000000000000000
X15    = 0000000000000000
X16    = 0000000000000000
X17    = 0000000000000000
X18    = 0000000000000000
X19    = 0000000000000000
X20    = 0000000000000000
X21    = 000000008a000000
X22    = 0000000000000000
X23    = 0000000000000000
X24    = 0000000000000000
X25    = 0000000000000000
X26    = 0000000000000000
X27    = 0000000000000000
X28    = 0000000000000000
X29    = 0000000000000000
X30    = 0000000000000000
PC     = 00000000000c6653
PSTATE : -Z--
Non-Zero Memory:
0x00000000 : d28cca62
0x00000004 : f2a00182
0x00000008 : d2800015
0x0000000c : f2b14015
0x00000010 : f8000455
0x00000014 : d61f0040
0x00000018 : 8a000000
0x000c6654 : 008a0000
