Registers:
X00    = 0000000000000000
X01    = 000000008a000000
X02    = 0000000000000000
X03    = 0000000000000000
X04    = 0000000000000000
X05    = 0000000000000000
X06    = 0000000000000000
X07    = 0000000000000000
X08    = 0000000000000000
X09    = 0000000000000000
X10    = 0000000000000000
X11    = 0000000000000000
X12    = 0000000000000000
X13    = 0000000000000000
X14    = 0000000000000000
X15    = 0000000000000000
X16    = 0000000000000000
X17    = 0000000000000000
X18    = 0000000000000000
X19    = 0000000000000000
X20    = 0000000000000000
X21    = 0000000000000000
X22    = 0000000000000000
X23    = 0000000000000000
X24    = 0000000000000000
X25    = 0000000000000000
X26    = 0000000000000000
X27    = 000000000006776e
X28    = 0000000000000000
X29    = 0000000000000000
X30    = 0000000000000000
PC     = 000000000006776e
PSTATE : -Z--
Non-Zero Memory:
0x00000000 : d28eeddb
0x00000004 : f2a000db
0x00000008 : 52800001
0x0000000c : 72b14001
0x00000010 : b8000761
0x00000014 : d61f0360
0x00000018 : 8a000000
0x00067770 : 00008a00
