Registers:
X00    = 0000000000000000
X01    = 0000000000000000
X02    = 0000000000000000
X03    = 0000000000000000
X04    = 0000000000000000
X05    = 0000000000000000
X06    = 0000000000000000
X07    = 0000000000000000
X08    = 0000000000000000
X09    = 0000000000000000
X10    = 0000000000000000
X11    = 0000000000000000
X12    = 0000000000000000
X13    = 0000000000000000
X14    = 0000000000000000
X15    = 0000000000000000
X16    = 0000000000000000
X17    = 0000000000000000
X18    = 00000000000c6f66
X19    = 0000000000000000
X20    = 000000008a000000
X21    = 0000000000000000
X22    = 0000000000000000
X23    = 0000000000000000
X24    = 0000000000000000
X25    = 0000000000000000
X26    = 0000000000000000
X27    = 0000000000000000
X28    = 0000000000000000
X29    = 0000000000000000
X30    = 0000000000000000
PC     = 00000000000c6f66
PSTATE : -Z--
Non-Zero Memory:
0x00000000 : d28decd2
0x00000004 : f2a00192
0x00000008 : 52800014
0x0000000c : 72b14014
0x00000010 : b8000654
0x00000014 : d61f0240
0x00000018 : 8a000000
0x000c6f68 : 00008a00
