Registers:
X00    = 4016000000000000
X01    = 3fd0000000000000
X02    = 3ff6000000000000
X03    = 0000000000000000
X04    = 0000000000000000
X05    = 0000000000000000
X06    = 0000000000000000
X07    = 0000000000000000
X08    = 0000000000000000
X09    = 0000000000000000
X10    = 0000000000000000
X11    = 0000000000000000
X12    = 0000000000000000
X13    = 0000000000000000
X14    = 0000000000000000
X15    = 0000000000000000
X16    = 0000000000000000
X17    = 0000000000000000
X18    = 0000000000000000
X19    = 0000000000000000
X20    = 0000000000000000
X21    = 0000000000000000
X22    = 0000000000000000
X23    = 0000000000000000
X24    = 0000000000000000
X25    = 0000000000000000
X26    = 0000000000000000
X27    = 0000000000000000
X28    = 0000000000000000
X29    = 0000000000000000
X30    = 0000000000000000
PC     = 0000000000000018
PSTATE : -Z--
Non-Zero Memory:
0x00000000 : 58000120
0x00000004 : 580000c1
0x00000008 : 9e670000
0x0000000c : 9e670021
0x00000010 : 1e600822
0x00000014 : 9e660042
0x00000018 : 8a000000
0x00000020 : 3fd00000
0x00000028 : 40160000
