Registers:
X00    = 4024000000000000
X01    = 00000000c1200000
X02    = c024000000000000
X03    = 0000000041200000
X04    = 0000000000000000
X05    = 0000000000000000
X06    = 0000000000000000
X07    = 0000000000000000
X08    = 0000000000000000
X09    = 0000000000000000
X10    = 0000000000000000
X11    = 0000000000000000
X12    = 0000000000000000
X13    = 0000000000000000
X14    = 0000000000000000
X15    = 0000000000000000
X16    = 0000000000000000
X17    = 0000000000000000
X18    = 0000000000000000
X19    = 0000000000000000
X20    = 0000000000000000
X21    = 0000000000000000
X22    = 0000000000000000
X23    = 0000000000000000
X24    = 0000000000000000
X25    = 0000000000000000
X26    = 0000000000000000
X27    = 0000000000000000
X28    = 0000000000000000
X29    = 0000000000000000
X30    = 0000000000000000
PC     = 0000000000000020
PSTATE : -Z--
Non-Zero Memory:
0x00000000 : 58000140
0x00000004 : 18000101
0x00000008 : 9e670000
0x0000000c : 1e270021
0x00000010 : 1e614000
0x00000014 : 1e214021
0x00000018 : 9e660002
0x0000001c : 1e260023
0x00000020 : 8a000000
0x00000024 : c1200000
0x0000002c : 40240000
