Registers:
X00    = 000000000000000b
X01    = fffffffffffffffe
X02    = 80ccc3d1001421d2
X03    = 0000000000000666
X04    = 0000000000000000
X05    = 0000000000000000
X06    = 0000000000000000
X07    = 0000000000000000
X08    = 0000000000000000
X09    = 0000000000000000
X10    = 0000000000000000
X11    = 0000000000000000
X12    = 0000000000000000
X13    = 0000000000000000
X14    = 0000000000000000
X15    = 0000000000000000
X16    = 0000000000000000
X17    = 0000000000000000
X18    = 0000000000000000
X19    = 0000000000000000
X20    = 0000000000000000
X21    = 0000000000000000
X22    = 0000000000000000
X23    = 0000000000000000
X24    = 0000000000000000
X25    = 0000000000000000
X26    = 0000000000000000
X27    = 0000000000000000
X28    = 0000000000000000
X29    = 0000000000000000
X30    = 0000000000000000
PC     = 0000000000000014
PSTATE : -Z--
Non-Zero Memory:
0x00000000 : d2800160
0x00000004 : f9400002
0x00000008 : d2800061
0x0000000c : d1001421
0x00000010 : d280ccc3
0x00000014 : 8a000000
