Registers:
X00    = 1400000000000002
X01    = 58ffffe2f8402401
X02    = 58ffffe2f8402401
X03    = 0000000000000000
X04    = 0000000000000000
X05    = 0000000000000000
X06    = 0000000000000000
X07    = 0000000000000000
X08    = 0000000000000000
X09    = 0000000000000000
X10    = 0000000000000000
X11    = 0000000000000000
X12    = 0000000000000000
X13    = 0000000000000000
X14    = 0000000000000000
X15    = 0000000000000000
X16    = 0000000000000000
X17    = 0000000000000000
X18    = 0000000000000000
X19    = 0000000000000000
X20    = 0000000000000000
X21    = 0000000000000000
X22    = 0000000000000000
X23    = 0000000000000000
X24    = 0000000000000000
X25    = 0000000000000000
X26    = 0000000000000000
X27    = 0000000000000000
X28    = 0000000000000000
X29    = 0000000000000000
X30    = 0000000000000000
PC     = 0000000000000028
PSTATE : -Z--
Non-Zero Memory:
0x00000000 : f8402401
0x00000004 : 58ffffe2
0x00000008 : 580000a0
0x0000000c : 91000800
0x00000010 : 14000001
0x00000014 : 58000060
0x00000018 : 14000004
0x0000001c : 00000001
0x00000020 : 00000002
0x00000024 : 14000000
0x00000028 : 8a000000
