Registers:
X00    = 0000000000000000
X01    = 0000000000000000
X02    = 0000000000000000
X03    = 0000000000000000
X04    = 0000000000000000
X05    = 0000000000000000
X06    = 0000000000000000
X07    = 000000001ffff580
X08    = 0000000000000000
X09    = 0000000000000000
X10    = 0000000000000000
X11    = 0000000000000000
X12    = 0000000000000000
X13    = 00000000fffff5e4
X14    = 0000000000000000
X15    = 0000000000000000
X16    = 0000000000000000
X17    = 0000000000000000
X18    = 0000000000000000
X19    = 0000000000000000
X20    = 00000000000006de
X21    = 0000000000000000
X22    = 0000000000000000
X23    = 0000000000000000
X24    = 0000000000000000
X25    = 0000000000000000
X26    = 0000000000000000
X27    = 0000000000000000
X28    = 0000000000000000
X29    = 0000000000000000
X30    = 0000000000000000
PC     = 000000000000000c
PSTATE : -Z--
Non-Zero Memory:
0x00000000 : 512871ad
0x00000004 : 911b7a94
0x00000008 : 0af411a7
0x0000000c : 8a000000
